// Vitest Snapshot v1, https://vitest.dev/guide/snapshot.html

exports[`Entrance > should render bug and heavy 1`] = `
[
  {
    "props": {
      "dHeight": 0,
      "dWidth": 0,
      "dx": 200,
      "dy": -50,
      "img": <img
        src="/src/assets/sprites/enemies/bug.png"
      />,
      "sHeight": 0,
      "sWidth": 0,
      "sx": 0,
      "sy": 0,
    },
    "transform": [
      1,
      0,
      0,
      1,
      0,
      0,
    ],
    "type": "drawImage",
  },
  {
    "props": {
      "dHeight": 0,
      "dWidth": 0,
      "dx": 55,
      "dy": -50,
      "img": <img
        src="/src/assets/sprites/enemies/bug.png"
      />,
      "sHeight": 0,
      "sWidth": 0,
      "sx": 0,
      "sy": 0,
    },
    "transform": [
      1,
      0,
      0,
      1,
      0,
      0,
    ],
    "type": "drawImage",
  },
  {
    "props": {
      "dHeight": 0,
      "dWidth": 0,
      "dx": 200,
      "dy": -200,
      "img": <img
        src="/src/assets/sprites/enemies/bug.png"
      />,
      "sHeight": 0,
      "sWidth": 0,
      "sx": 0,
      "sy": 0,
    },
    "transform": [
      1,
      0,
      0,
      1,
      0,
      0,
    ],
    "type": "drawImage",
  },
  {
    "props": {
      "dHeight": 0,
      "dWidth": 0,
      "dx": 55,
      "dy": -200,
      "img": <img
        src="/src/assets/sprites/enemies/bug.png"
      />,
      "sHeight": 0,
      "sWidth": 0,
      "sx": 0,
      "sy": 0,
    },
    "transform": [
      1,
      0,
      0,
      1,
      0,
      0,
    ],
    "type": "drawImage",
  },
  {
    "props": {
      "dHeight": 0,
      "dWidth": 0,
      "dx": 200,
      "dy": -350,
      "img": <img
        src="/src/assets/sprites/enemies/bug.png"
      />,
      "sHeight": 0,
      "sWidth": 0,
      "sx": 0,
      "sy": 0,
    },
    "transform": [
      1,
      0,
      0,
      1,
      0,
      0,
    ],
    "type": "drawImage",
  },
  {
    "props": {
      "dHeight": 0,
      "dWidth": 0,
      "dx": 55,
      "dy": -350,
      "img": <img
        src="/src/assets/sprites/enemies/bug.png"
      />,
      "sHeight": 0,
      "sWidth": 0,
      "sx": 0,
      "sy": 0,
    },
    "transform": [
      1,
      0,
      0,
      1,
      0,
      0,
    ],
    "type": "drawImage",
  },
  {
    "props": {
      "dHeight": 0,
      "dWidth": 0,
      "dx": 200,
      "dy": -500,
      "img": <img
        src="/src/assets/sprites/enemies/bug.png"
      />,
      "sHeight": 0,
      "sWidth": 0,
      "sx": 0,
      "sy": 0,
    },
    "transform": [
      1,
      0,
      0,
      1,
      0,
      0,
    ],
    "type": "drawImage",
  },
  {
    "props": {
      "dHeight": 0,
      "dWidth": 0,
      "dx": 55,
      "dy": -500,
      "img": <img
        src="/src/assets/sprites/enemies/bug.png"
      />,
      "sHeight": 0,
      "sWidth": 0,
      "sx": 0,
      "sy": 0,
    },
    "transform": [
      1,
      0,
      0,
      1,
      0,
      0,
    ],
    "type": "drawImage",
  },
  {
    "props": {
      "dHeight": 0,
      "dWidth": 0,
      "dx": 200,
      "dy": -650,
      "img": <img
        src="/src/assets/sprites/enemies/bug.png"
      />,
      "sHeight": 0,
      "sWidth": 0,
      "sx": 0,
      "sy": 0,
    },
    "transform": [
      1,
      0,
      0,
      1,
      0,
      0,
    ],
    "type": "drawImage",
  },
  {
    "props": {
      "dHeight": 0,
      "dWidth": 0,
      "dx": 55,
      "dy": -650,
      "img": <img
        src="/src/assets/sprites/enemies/bug.png"
      />,
      "sHeight": 0,
      "sWidth": 0,
      "sx": 0,
      "sy": 0,
    },
    "transform": [
      1,
      0,
      0,
      1,
      0,
      0,
    ],
    "type": "drawImage",
  },
  {
    "props": {
      "dHeight": 0,
      "dWidth": 0,
      "dx": 125,
      "dy": -200,
      "img": <img
        src="/src/assets/sprites/enemies/heavy.png"
      />,
      "sHeight": 0,
      "sWidth": 0,
      "sx": 0,
      "sy": 0,
    },
    "transform": [
      1,
      0,
      0,
      1,
      0,
      0,
    ],
    "type": "drawImage",
  },
]
`;

exports[`Entrance > should update bug and heavy 1`] = `
[
  {
    "props": {
      "dHeight": 0,
      "dWidth": 0,
      "dx": 200,
      "dy": -50,
      "img": <img
        src="/src/assets/sprites/enemies/bug.png"
      />,
      "sHeight": 0,
      "sWidth": 0,
      "sx": 0,
      "sy": 0,
    },
    "transform": [
      1,
      0,
      0,
      1,
      0,
      0,
    ],
    "type": "drawImage",
  },
  {
    "props": {
      "dHeight": 0,
      "dWidth": 0,
      "dx": 55,
      "dy": -50,
      "img": <img
        src="/src/assets/sprites/enemies/bug.png"
      />,
      "sHeight": 0,
      "sWidth": 0,
      "sx": 0,
      "sy": 0,
    },
    "transform": [
      1,
      0,
      0,
      1,
      0,
      0,
    ],
    "type": "drawImage",
  },
  {
    "props": {
      "dHeight": 0,
      "dWidth": 0,
      "dx": 200,
      "dy": -200,
      "img": <img
        src="/src/assets/sprites/enemies/bug.png"
      />,
      "sHeight": 0,
      "sWidth": 0,
      "sx": 0,
      "sy": 0,
    },
    "transform": [
      1,
      0,
      0,
      1,
      0,
      0,
    ],
    "type": "drawImage",
  },
  {
    "props": {
      "dHeight": 0,
      "dWidth": 0,
      "dx": 55,
      "dy": -200,
      "img": <img
        src="/src/assets/sprites/enemies/bug.png"
      />,
      "sHeight": 0,
      "sWidth": 0,
      "sx": 0,
      "sy": 0,
    },
    "transform": [
      1,
      0,
      0,
      1,
      0,
      0,
    ],
    "type": "drawImage",
  },
  {
    "props": {
      "dHeight": 0,
      "dWidth": 0,
      "dx": 200,
      "dy": -350,
      "img": <img
        src="/src/assets/sprites/enemies/bug.png"
      />,
      "sHeight": 0,
      "sWidth": 0,
      "sx": 0,
      "sy": 0,
    },
    "transform": [
      1,
      0,
      0,
      1,
      0,
      0,
    ],
    "type": "drawImage",
  },
  {
    "props": {
      "dHeight": 0,
      "dWidth": 0,
      "dx": 55,
      "dy": -350,
      "img": <img
        src="/src/assets/sprites/enemies/bug.png"
      />,
      "sHeight": 0,
      "sWidth": 0,
      "sx": 0,
      "sy": 0,
    },
    "transform": [
      1,
      0,
      0,
      1,
      0,
      0,
    ],
    "type": "drawImage",
  },
  {
    "props": {
      "dHeight": 0,
      "dWidth": 0,
      "dx": 200,
      "dy": -500,
      "img": <img
        src="/src/assets/sprites/enemies/bug.png"
      />,
      "sHeight": 0,
      "sWidth": 0,
      "sx": 0,
      "sy": 0,
    },
    "transform": [
      1,
      0,
      0,
      1,
      0,
      0,
    ],
    "type": "drawImage",
  },
  {
    "props": {
      "dHeight": 0,
      "dWidth": 0,
      "dx": 55,
      "dy": -500,
      "img": <img
        src="/src/assets/sprites/enemies/bug.png"
      />,
      "sHeight": 0,
      "sWidth": 0,
      "sx": 0,
      "sy": 0,
    },
    "transform": [
      1,
      0,
      0,
      1,
      0,
      0,
    ],
    "type": "drawImage",
  },
  {
    "props": {
      "dHeight": 0,
      "dWidth": 0,
      "dx": 200,
      "dy": -650,
      "img": <img
        src="/src/assets/sprites/enemies/bug.png"
      />,
      "sHeight": 0,
      "sWidth": 0,
      "sx": 0,
      "sy": 0,
    },
    "transform": [
      1,
      0,
      0,
      1,
      0,
      0,
    ],
    "type": "drawImage",
  },
  {
    "props": {
      "dHeight": 0,
      "dWidth": 0,
      "dx": 55,
      "dy": -650,
      "img": <img
        src="/src/assets/sprites/enemies/bug.png"
      />,
      "sHeight": 0,
      "sWidth": 0,
      "sx": 0,
      "sy": 0,
    },
    "transform": [
      1,
      0,
      0,
      1,
      0,
      0,
    ],
    "type": "drawImage",
  },
  {
    "props": {
      "dHeight": 0,
      "dWidth": 0,
      "dx": 125,
      "dy": -200,
      "img": <img
        src="/src/assets/sprites/enemies/heavy.png"
      />,
      "sHeight": 0,
      "sWidth": 0,
      "sx": 0,
      "sy": 0,
    },
    "transform": [
      1,
      0,
      0,
      1,
      0,
      0,
    ],
    "type": "drawImage",
  },
  {
    "props": {
      "dHeight": 0,
      "dWidth": 0,
      "dx": 220,
      "dy": 6,
      "img": <img
        src="/src/assets/images/projectile_1_enemy.png"
      />,
      "sHeight": 0,
      "sWidth": 0,
      "sx": 0,
      "sy": 0,
    },
    "transform": [
      1,
      0,
      0,
      1,
      0,
      0,
    ],
    "type": "drawImage",
  },
  {
    "props": {
      "dHeight": 0,
      "dWidth": 0,
      "dx": 204.3371161279701,
      "dy": -48,
      "img": <img
        src="/src/assets/sprites/enemies/bug.png"
      />,
      "sHeight": 0,
      "sWidth": 0,
      "sx": 0,
      "sy": 0,
    },
    "transform": [
      1,
      0,
      0,
      1,
      0,
      0,
    ],
    "type": "drawImage",
  },
  {
    "props": {
      "dHeight": 0,
      "dWidth": 0,
      "dx": 75,
      "dy": 6,
      "img": <img
        src="/src/assets/images/projectile_1_enemy.png"
      />,
      "sHeight": 0,
      "sWidth": 0,
      "sx": 0,
      "sy": 0,
    },
    "transform": [
      1,
      0,
      0,
      1,
      0,
      0,
    ],
    "type": "drawImage",
  },
  {
    "props": {
      "dHeight": 0,
      "dWidth": 0,
      "dx": 59.337116127970084,
      "dy": -48,
      "img": <img
        src="/src/assets/sprites/enemies/bug.png"
      />,
      "sHeight": 0,
      "sWidth": 0,
      "sx": 0,
      "sy": 0,
    },
    "transform": [
      1,
      0,
      0,
      1,
      0,
      0,
    ],
    "type": "drawImage",
  },
  {
    "props": {
      "dHeight": 0,
      "dWidth": 0,
      "dx": 204.3371161279701,
      "dy": -198,
      "img": <img
        src="/src/assets/sprites/enemies/bug.png"
      />,
      "sHeight": 0,
      "sWidth": 0,
      "sx": 0,
      "sy": 0,
    },
    "transform": [
      1,
      0,
      0,
      1,
      0,
      0,
    ],
    "type": "drawImage",
  },
  {
    "props": {
      "dHeight": 0,
      "dWidth": 0,
      "dx": 59.337116127970084,
      "dy": -198,
      "img": <img
        src="/src/assets/sprites/enemies/bug.png"
      />,
      "sHeight": 0,
      "sWidth": 0,
      "sx": 0,
      "sy": 0,
    },
    "transform": [
      1,
      0,
      0,
      1,
      0,
      0,
    ],
    "type": "drawImage",
  },
  {
    "props": {
      "dHeight": 0,
      "dWidth": 0,
      "dx": 204.3371161279701,
      "dy": -348,
      "img": <img
        src="/src/assets/sprites/enemies/bug.png"
      />,
      "sHeight": 0,
      "sWidth": 0,
      "sx": 0,
      "sy": 0,
    },
    "transform": [
      1,
      0,
      0,
      1,
      0,
      0,
    ],
    "type": "drawImage",
  },
  {
    "props": {
      "dHeight": 0,
      "dWidth": 0,
      "dx": 59.337116127970084,
      "dy": -348,
      "img": <img
        src="/src/assets/sprites/enemies/bug.png"
      />,
      "sHeight": 0,
      "sWidth": 0,
      "sx": 0,
      "sy": 0,
    },
    "transform": [
      1,
      0,
      0,
      1,
      0,
      0,
    ],
    "type": "drawImage",
  },
  {
    "props": {
      "dHeight": 0,
      "dWidth": 0,
      "dx": 204.3371161279701,
      "dy": -498,
      "img": <img
        src="/src/assets/sprites/enemies/bug.png"
      />,
      "sHeight": 0,
      "sWidth": 0,
      "sx": 0,
      "sy": 0,
    },
    "transform": [
      1,
      0,
      0,
      1,
      0,
      0,
    ],
    "type": "drawImage",
  },
  {
    "props": {
      "dHeight": 0,
      "dWidth": 0,
      "dx": 59.337116127970084,
      "dy": -498,
      "img": <img
        src="/src/assets/sprites/enemies/bug.png"
      />,
      "sHeight": 0,
      "sWidth": 0,
      "sx": 0,
      "sy": 0,
    },
    "transform": [
      1,
      0,
      0,
      1,
      0,
      0,
    ],
    "type": "drawImage",
  },
  {
    "props": {
      "dHeight": 0,
      "dWidth": 0,
      "dx": 204.3371161279701,
      "dy": -648,
      "img": <img
        src="/src/assets/sprites/enemies/bug.png"
      />,
      "sHeight": 0,
      "sWidth": 0,
      "sx": 0,
      "sy": 0,
    },
    "transform": [
      1,
      0,
      0,
      1,
      0,
      0,
    ],
    "type": "drawImage",
  },
  {
    "props": {
      "dHeight": 0,
      "dWidth": 0,
      "dx": 59.337116127970084,
      "dy": -648,
      "img": <img
        src="/src/assets/sprites/enemies/bug.png"
      />,
      "sHeight": 0,
      "sWidth": 0,
      "sx": 0,
      "sy": 0,
    },
    "transform": [
      1,
      0,
      0,
      1,
      0,
      0,
    ],
    "type": "drawImage",
  },
  {
    "props": {
      "dHeight": 0,
      "dWidth": 0,
      "dx": 125,
      "dy": -199,
      "img": <img
        src="/src/assets/sprites/enemies/heavy.png"
      />,
      "sHeight": 0,
      "sWidth": 0,
      "sx": 0,
      "sy": 0,
    },
    "transform": [
      1,
      0,
      0,
      1,
      0,
      0,
    ],
    "type": "drawImage",
  },
]
`;
