// Vitest Snapshot v1, https://vitest.dev/guide/snapshot.html

exports[`Outro > should render 1`] = `
[
  {
    "props": {
      "dHeight": 0,
      "dWidth": 0,
      "dx": -247.5,
      "dy": 100,
      "img": <img
        src="/images/outro_title.png"
      />,
      "sHeight": 0,
      "sWidth": 0,
      "sx": 0,
      "sy": 0,
    },
    "transform": [
      1,
      0,
      0,
      1,
      0,
      0,
    ],
    "type": "drawImage",
  },
  {
    "props": {
      "dHeight": 0,
      "dWidth": 0,
      "dx": -236,
      "dy": 400,
      "img": <img
        src="/images/outro_message.png"
      />,
      "sHeight": 0,
      "sWidth": 0,
      "sx": 0,
      "sy": 0,
    },
    "transform": [
      1,
      0,
      0,
      1,
      0,
      0,
    ],
    "type": "drawImage",
  },
]
`;
