// Vitest Snapshot v1, https://vitest.dev/guide/snapshot.html

exports[`player > should be destroyed when hit 1`] = `
[
  {
    "props": {
      "dHeight": 0,
      "dWidth": 0,
      "dx": 132.5,
      "dy": -147,
      "img": <img
        src="/sprites/player/player_static.png"
      />,
      "sHeight": 0,
      "sWidth": 0,
      "sx": 0,
      "sy": 0,
    },
    "transform": [
      1,
      0,
      0,
      1,
      0,
      0,
    ],
    "type": "drawImage",
  },
  {
    "props": {
      "dHeight": 0,
      "dWidth": 0,
      "dx": 132.5,
      "dy": 3,
      "img": <img
        src="/images/explosion_enemy_1.png"
      />,
      "sHeight": 0,
      "sWidth": 0,
      "sx": 0,
      "sy": 0,
    },
    "transform": [
      1,
      0,
      0,
      1,
      0,
      0,
    ],
    "type": "drawImage",
  },
]
`;

exports[`player > should be rendered invincible mode 1`] = `
[
  {
    "props": {
      "dHeight": 0,
      "dWidth": 0,
      "dx": 132.5,
      "dy": -147,
      "img": <img
        src="/sprites/player/player_static.png"
      />,
      "sHeight": 0,
      "sWidth": 0,
      "sx": 0,
      "sy": 0,
    },
    "transform": [
      1,
      0,
      0,
      1,
      0,
      0,
    ],
    "type": "drawImage",
  },
  {
    "props": {
      "dHeight": 0,
      "dWidth": 0,
      "dx": 132.5,
      "dy": 3,
      "img": <img
        src="/images/explosion_enemy_1.png"
      />,
      "sHeight": 0,
      "sWidth": 0,
      "sx": 0,
      "sy": 0,
    },
    "transform": [
      1,
      0,
      0,
      1,
      0,
      0,
    ],
    "type": "drawImage",
  },
  {
    "props": {},
    "transform": [
      1,
      0,
      0,
      1,
      0,
      0,
    ],
    "type": "save",
  },
  {
    "props": {
      "value": 0.4,
    },
    "transform": [
      1,
      0,
      0,
      1,
      0,
      0,
    ],
    "type": "globalAlpha",
  },
  {
    "props": {
      "dHeight": 0,
      "dWidth": 0,
      "dx": 132.5,
      "dy": -147,
      "img": <img
        src="/sprites/player/player_straight.png"
      />,
      "sHeight": 0,
      "sWidth": 0,
      "sx": 0,
      "sy": 0,
    },
    "transform": [
      1,
      0,
      0,
      1,
      0,
      0,
    ],
    "type": "drawImage",
  },
  {
    "props": {},
    "transform": [
      1,
      0,
      0,
      1,
      0,
      0,
    ],
    "type": "restore",
  },
]
`;

exports[`player > should be rendered on canvas 1`] = `
[
  {
    "props": {
      "dHeight": 0,
      "dWidth": 0,
      "dx": 132.5,
      "dy": -147,
      "img": <img
        src="/sprites/player/player_static.png"
      />,
      "sHeight": 0,
      "sWidth": 0,
      "sx": 0,
      "sy": 0,
    },
    "transform": [
      1,
      0,
      0,
      1,
      0,
      0,
    ],
    "type": "drawImage",
  },
]
`;

exports[`player > should be rendered spawn 1`] = `
[
  {
    "props": {
      "dHeight": 0,
      "dWidth": 0,
      "dx": 132.5,
      "dy": -147,
      "img": <img
        src="/sprites/player/player_static.png"
      />,
      "sHeight": 0,
      "sWidth": 0,
      "sx": 0,
      "sy": 0,
    },
    "transform": [
      1,
      0,
      0,
      1,
      0,
      0,
    ],
    "type": "drawImage",
  },
  {
    "props": {
      "dHeight": 0,
      "dWidth": 0,
      "dx": 132.5,
      "dy": 3,
      "img": <img
        src="/images/explosion_enemy_1.png"
      />,
      "sHeight": 0,
      "sWidth": 0,
      "sx": 0,
      "sy": 0,
    },
    "transform": [
      1,
      0,
      0,
      1,
      0,
      0,
    ],
    "type": "drawImage",
  },
  {
    "props": {},
    "transform": [
      1,
      0,
      0,
      1,
      0,
      0,
    ],
    "type": "save",
  },
  {
    "props": {
      "value": 0.4,
    },
    "transform": [
      1,
      0,
      0,
      1,
      0,
      0,
    ],
    "type": "globalAlpha",
  },
  {
    "props": {
      "dHeight": 0,
      "dWidth": 0,
      "dx": 132.5,
      "dy": -147,
      "img": <img
        src="/sprites/player/player_straight.png"
      />,
      "sHeight": 0,
      "sWidth": 0,
      "sx": 0,
      "sy": 0,
    },
    "transform": [
      1,
      0,
      0,
      1,
      0,
      0,
    ],
    "type": "drawImage",
  },
  {
    "props": {},
    "transform": [
      1,
      0,
      0,
      1,
      0,
      0,
    ],
    "type": "restore",
  },
  {
    "props": {},
    "transform": [
      1,
      0,
      0,
      1,
      0,
      0,
    ],
    "type": "save",
  },
  {
    "props": {
      "value": 0.4,
    },
    "transform": [
      1,
      0,
      0,
      1,
      0,
      0,
    ],
    "type": "globalAlpha",
  },
  {
    "props": {
      "dHeight": 0,
      "dWidth": 0,
      "dx": 132.5,
      "dy": -147,
      "img": <img
        src="/sprites/player/player_straight.png"
      />,
      "sHeight": 0,
      "sWidth": 0,
      "sx": 0,
      "sy": 0,
    },
    "transform": [
      1,
      0,
      0,
      1,
      0,
      0,
    ],
    "type": "drawImage",
  },
  {
    "props": {},
    "transform": [
      1,
      0,
      0,
      1,
      0,
      0,
    ],
    "type": "restore",
  },
]
`;

exports[`player > should launch missiles > to enemy 1`] = `
[
  {
    "props": {
      "dHeight": 0,
      "dWidth": 0,
      "dx": 132.5,
      "dy": -147,
      "img": <img
        src="/sprites/player/player_static.png"
      />,
      "sHeight": 0,
      "sWidth": 0,
      "sx": 0,
      "sy": 0,
    },
    "transform": [
      1,
      0,
      0,
      1,
      0,
      0,
    ],
    "type": "drawImage",
  },
  {
    "props": {
      "dHeight": 0,
      "dWidth": 0,
      "dx": 132.5,
      "dy": 3,
      "img": <img
        src="/images/explosion_enemy_1.png"
      />,
      "sHeight": 0,
      "sWidth": 0,
      "sx": 0,
      "sy": 0,
    },
    "transform": [
      1,
      0,
      0,
      1,
      0,
      0,
    ],
    "type": "drawImage",
  },
  {
    "props": {},
    "transform": [
      1,
      0,
      0,
      1,
      0,
      0,
    ],
    "type": "save",
  },
  {
    "props": {
      "value": 0.4,
    },
    "transform": [
      1,
      0,
      0,
      1,
      0,
      0,
    ],
    "type": "globalAlpha",
  },
  {
    "props": {
      "dHeight": 0,
      "dWidth": 0,
      "dx": 132.5,
      "dy": -147,
      "img": <img
        src="/sprites/player/player_straight.png"
      />,
      "sHeight": 0,
      "sWidth": 0,
      "sx": 0,
      "sy": 0,
    },
    "transform": [
      1,
      0,
      0,
      1,
      0,
      0,
    ],
    "type": "drawImage",
  },
  {
    "props": {},
    "transform": [
      1,
      0,
      0,
      1,
      0,
      0,
    ],
    "type": "restore",
  },
  {
    "props": {},
    "transform": [
      1,
      0,
      0,
      1,
      0,
      0,
    ],
    "type": "save",
  },
  {
    "props": {
      "value": 0.4,
    },
    "transform": [
      1,
      0,
      0,
      1,
      0,
      0,
    ],
    "type": "globalAlpha",
  },
  {
    "props": {
      "dHeight": 0,
      "dWidth": 0,
      "dx": 132.5,
      "dy": -147,
      "img": <img
        src="/sprites/player/player_straight.png"
      />,
      "sHeight": 0,
      "sWidth": 0,
      "sx": 0,
      "sy": 0,
    },
    "transform": [
      1,
      0,
      0,
      1,
      0,
      0,
    ],
    "type": "drawImage",
  },
  {
    "props": {},
    "transform": [
      1,
      0,
      0,
      1,
      0,
      0,
    ],
    "type": "restore",
  },
]
`;

exports[`player > should launch missiles > to straight 1`] = `
[
  {
    "props": {
      "dHeight": 0,
      "dWidth": 0,
      "dx": 132.5,
      "dy": -147,
      "img": <img
        src="/sprites/player/player_static.png"
      />,
      "sHeight": 0,
      "sWidth": 0,
      "sx": 0,
      "sy": 0,
    },
    "transform": [
      1,
      0,
      0,
      1,
      0,
      0,
    ],
    "type": "drawImage",
  },
  {
    "props": {
      "dHeight": 0,
      "dWidth": 0,
      "dx": 132.5,
      "dy": 3,
      "img": <img
        src="/images/explosion_enemy_1.png"
      />,
      "sHeight": 0,
      "sWidth": 0,
      "sx": 0,
      "sy": 0,
    },
    "transform": [
      1,
      0,
      0,
      1,
      0,
      0,
    ],
    "type": "drawImage",
  },
  {
    "props": {},
    "transform": [
      1,
      0,
      0,
      1,
      0,
      0,
    ],
    "type": "save",
  },
  {
    "props": {
      "value": 0.4,
    },
    "transform": [
      1,
      0,
      0,
      1,
      0,
      0,
    ],
    "type": "globalAlpha",
  },
  {
    "props": {
      "dHeight": 0,
      "dWidth": 0,
      "dx": 132.5,
      "dy": -147,
      "img": <img
        src="/sprites/player/player_straight.png"
      />,
      "sHeight": 0,
      "sWidth": 0,
      "sx": 0,
      "sy": 0,
    },
    "transform": [
      1,
      0,
      0,
      1,
      0,
      0,
    ],
    "type": "drawImage",
  },
  {
    "props": {},
    "transform": [
      1,
      0,
      0,
      1,
      0,
      0,
    ],
    "type": "restore",
  },
  {
    "props": {},
    "transform": [
      1,
      0,
      0,
      1,
      0,
      0,
    ],
    "type": "save",
  },
  {
    "props": {
      "value": 0.4,
    },
    "transform": [
      1,
      0,
      0,
      1,
      0,
      0,
    ],
    "type": "globalAlpha",
  },
  {
    "props": {
      "dHeight": 0,
      "dWidth": 0,
      "dx": 132.5,
      "dy": -147,
      "img": <img
        src="/sprites/player/player_straight.png"
      />,
      "sHeight": 0,
      "sWidth": 0,
      "sx": 0,
      "sy": 0,
    },
    "transform": [
      1,
      0,
      0,
      1,
      0,
      0,
    ],
    "type": "drawImage",
  },
  {
    "props": {},
    "transform": [
      1,
      0,
      0,
      1,
      0,
      0,
    ],
    "type": "restore",
  },
]
`;
